Traceback (most recent call last):
  File "/Users/fuhanfeng/Dropbox/Code/Github/ArkTrace/.build/agent-coordination/arktrace/parallel-counter-detail-presentation-compat-20261004/scripts/run-cargo.py", line 170, in <module>
    sys.exit(main())
             ~~~~^^
  File "/Users/fuhanfeng/Dropbox/Code/Github/ArkTrace/.build/agent-coordination/arktrace/parallel-counter-detail-presentation-compat-20261004/scripts/run-cargo.py", line 152, in main
    result = subprocess.run(invocation, cwd=workspace / "rust", env=environment)
  File "/opt/homebrew/Cellar/python@3.14/3.14.8/Frameworks/Python.framework/Versions/3.14/lib/python3.14/subprocess.py", line 555, in run
    with Popen(*popenargs, **kwargs) as process:
         ~~~~~^^^^^^^^^^^^^^^^^^^^^^
  File "/opt/homebrew/Cellar/python@3.14/3.14.8/Frameworks/Python.framework/Versions/3.14/lib/python3.14/subprocess.py", line 1039, in __init__
    self._execute_child(args, executable, preexec_fn, close_fds,
    ~~~~~~~~~~~~~~~~~~~^^^^^^^^^^^^^^^^^^^^^^^^^^^^^^^^^^^^^^^^^
                        pass_fds, cwd, env,
                        ^^^^^^^^^^^^^^^^^^^
    ...<5 lines>...
                        gid, gids, uid, umask,
                        ^^^^^^^^^^^^^^^^^^^^^^
                        start_new_session, process_group)
                        ^^^^^^^^^^^^^^^^^^^^^^^^^^^^^^^^^
  File "/opt/homebrew/Cellar/python@3.14/3.14.8/Frameworks/Python.framework/Versions/3.14/lib/python3.14/subprocess.py", line 1990, in _execute_child
    raise child_exception_type(errno_num, err_msg, err_filename)
FileNotFoundError: [Errno 2] No such file or directory: PosixPath('/Users/fuhanfeng/Dropbox/Code/Github/ArkTrace/.build/agent-coordination/arktrace/caches/parallel-counter-detail-presentation-cargo/workspace/rust')
