   Compiling version_check v0.9.5
   Compiling proc-macro2 v1.0.107
   Compiling zmij v1.0.23
   Compiling serde_json v1.0.151
   Compiling serde_core v1.0.229
   Compiling quote v1.0.47
   Compiling typenum v1.20.1
   Compiling unicode-ident v1.0.26
   Compiling libc v0.2.189
   Compiling generic-array v0.14.7
   Compiling memchr v2.8.3
   Compiling itoa v1.0.18
   Compiling serde v1.0.229
   Compiling cfg-if v1.0.5
   Compiling syn v3.0.6
   Compiling crypto-common v0.1.7
   Compiling block-buffer v0.10.4
   Compiling digest v0.10.7
   Compiling cpufeatures v0.2.17
   Compiling sha2 v0.10.9
   Compiling serde_derive v1.0.229
   Compiling arktrace-contract v0.1.0 (/Users/fuhanfeng/Dropbox/Code/Github/ArkTrace/.build/agent-coordination/arktrace/caches/parallel-counter-reveal-compat-cargo/workspace/rust/crates/arktrace-contract)
   Compiling arktrace-viewer v0.1.0 (/Users/fuhanfeng/Dropbox/Code/Github/ArkTrace/.build/agent-coordination/arktrace/caches/parallel-counter-reveal-compat-cargo/workspace/rust/crates/arktrace-viewer)
   Compiling arktrace-counter-reveal-compat v0.1.0 (/Users/fuhanfeng/Dropbox/Code/Github/ArkTrace/.build/agent-coordination/arktrace/caches/parallel-counter-reveal-compat-cargo/workspace/tools/parallel-counter-reveal-compat-20261004)
error[E0277]: the trait bound `[Value]: serde::Deserialize<'de>` is not satisfied
    --> src/main.rs:7:17
     |
   7 |     let swift = serde_json::from_slice(&fs::read(&args[2]).unwrap()).unwrap();
     |                 ^^^^^^^^^^^^^^^^^^^^^^^^^^^^^^^^^^^^^^^^^^^^^^^^^^^^ the trait `serde_core::de::Deserialize<'_>` is not implemented for `[Value]`
     |
     = note: for local types consider adding `#[derive(serde::Deserialize)]` to your `[Value]` type
     = note: for types from other crates check whether the crate offers a `serde` feature flag
     = help: the following other types implement trait `serde_core::de::Deserialize<'de>`:
               &[u8]
               [T; 0]
               [T; 1]
               [T; 2]
               [T; 3]
               [T; 4]
               [T; 5]
               [T; 6]
             and 26 others
note: required by a bound in `from_slice`
    --> /Users/fuhanfeng/Dropbox/Code/Github/ArkTrace/.build/agent-coordination/arktrace/caches/parallel-counter-reveal-compat-cargo/dependencies/registry/src/index.crates.io-1949cf8c6b5b557f/serde_json-1.0.151/src/de.rs:2669:8
     |
2667 | pub fn from_slice<'a, T>(v: &'a [u8]) -> Result<T>
     |        ---------- required by a bound in this function
2668 | where
2669 |     T: de::Deserialize<'a>,
     |        ^^^^^^^^^^^^^^^^^^^ required by this bound in `from_slice`

error[E0277]: the size for values of type `[Value]` cannot be known at compilation time
 --> src/main.rs:7:9
  |
7 |     let swift = serde_json::from_slice(&fs::read(&args[2]).unwrap()).unwrap();
  |         ^^^^^ doesn't have a size known at compile-time
  |
  = help: the trait `Sized` is not implemented for `[Value]`
  = note: all local variables must have a statically known size

For more information about this error, try `rustc --explain E0277`.
error: could not compile `arktrace-counter-reveal-compat` (bin "arktrace-counter-reveal-compat") due to 2 previous errors
