   Compiling arktrace-viewer v0.1.0 (/Users/fuhanfeng/Dropbox/Code/Github/ArkTrace/.build/agent-coordination/arktrace/caches/parallel-inspector-counter-compat-fix-cargo/workspace/rust/crates/arktrace-viewer)
    Finished `test` profile [unoptimized + debuginfo] target(s) in 3.53s
     Running unittests src/lib.rs (/Users/fuhanfeng/Dropbox/Code/Github/ArkTrace/.build/agent-coordination/arktrace/caches/parallel-inspector-counter-compat-fix-cargo/target/debug/deps/arktrace_viewer-37a8e3ba0b92fd30)

running 0 tests

test result: ok. 0 passed; 0 failed; 0 ignored; 0 measured; 2 filtered out; finished in 0.00s

     Running tests/detail_oracle.rs (/Users/fuhanfeng/Dropbox/Code/Github/ArkTrace/.build/agent-coordination/arktrace/caches/parallel-inspector-counter-compat-fix-cargo/target/debug/deps/detail_oracle-bc9b780afde778b6)

running 0 tests

test result: ok. 0 passed; 0 failed; 0 ignored; 0 measured; 4 filtered out; finished in 0.00s

     Running tests/detail_queries.rs (/Users/fuhanfeng/Dropbox/Code/Github/ArkTrace/.build/agent-coordination/arktrace/caches/parallel-inspector-counter-compat-fix-cargo/target/debug/deps/detail_queries-81a671d5ab6238af)

running 0 tests

test result: ok. 0 passed; 0 failed; 0 ignored; 0 measured; 1 filtered out; finished in 0.00s

     Running tests/hot_snapshot.rs (/Users/fuhanfeng/Dropbox/Code/Github/ArkTrace/.build/agent-coordination/arktrace/caches/parallel-inspector-counter-compat-fix-cargo/target/debug/deps/hot_snapshot-c00c0835c2113913)

running 0 tests

test result: ok. 0 passed; 0 failed; 0 ignored; 0 measured; 3 filtered out; finished in 0.00s

     Running tests/inspector_counter_compat_regressions.rs (/Users/fuhanfeng/Dropbox/Code/Github/ArkTrace/.build/agent-coordination/arktrace/caches/parallel-inspector-counter-compat-fix-cargo/target/debug/deps/inspector_counter_compat_regressions-5894777b0bf36bf9)

running 0 tests

test result: ok. 0 passed; 0 failed; 0 ignored; 0 measured; 4 filtered out; finished in 0.00s

     Running tests/inspector_projection_oracle.rs (/Users/fuhanfeng/Dropbox/Code/Github/ArkTrace/.build/agent-coordination/arktrace/caches/parallel-inspector-counter-compat-fix-cargo/target/debug/deps/inspector_projection_oracle-44d6c6605ea8b438)

running 1 test
test actual_swift_loader_inspector_all_fields_match_exactly ... ok

test result: ok. 1 passed; 0 failed; 0 ignored; 0 measured; 0 filtered out; finished in 0.08s

     Running tests/inspector_projection_regressions.rs (/Users/fuhanfeng/Dropbox/Code/Github/ArkTrace/.build/agent-coordination/arktrace/caches/parallel-inspector-counter-compat-fix-cargo/target/debug/deps/inspector_projection_regressions-9838cb0769554220)

running 0 tests

test result: ok. 0 passed; 0 failed; 0 ignored; 0 measured; 8 filtered out; finished in 0.00s

     Running tests/loader.rs (/Users/fuhanfeng/Dropbox/Code/Github/ArkTrace/.build/agent-coordination/arktrace/caches/parallel-inspector-counter-compat-fix-cargo/target/debug/deps/loader-00b920ee023b8730)

running 0 tests

test result: ok. 0 passed; 0 failed; 0 ignored; 0 measured; 10 filtered out; finished in 0.00s

     Running tests/palette_oracle.rs (/Users/fuhanfeng/Dropbox/Code/Github/ArkTrace/.build/agent-coordination/arktrace/caches/parallel-inspector-counter-compat-fix-cargo/target/debug/deps/palette_oracle-4d975f5d61ee93cc)

running 0 tests

test result: ok. 0 passed; 0 failed; 0 ignored; 0 measured; 2 filtered out; finished in 0.00s

     Running tests/palette_regressions.rs (/Users/fuhanfeng/Dropbox/Code/Github/ArkTrace/.build/agent-coordination/arktrace/caches/parallel-inspector-counter-compat-fix-cargo/target/debug/deps/palette_regressions-37ecfc22530668f9)

running 0 tests

test result: ok. 0 passed; 0 failed; 0 ignored; 0 measured; 5 filtered out; finished in 0.00s

     Running tests/presentation_oracle.rs (/Users/fuhanfeng/Dropbox/Code/Github/ArkTrace/.build/agent-coordination/arktrace/caches/parallel-inspector-counter-compat-fix-cargo/target/debug/deps/presentation_oracle-09767a8858e57d99)

running 0 tests

test result: ok. 0 passed; 0 failed; 0 ignored; 0 measured; 1 filtered out; finished in 0.00s

     Running tests/presentation_regressions.rs (/Users/fuhanfeng/Dropbox/Code/Github/ArkTrace/.build/agent-coordination/arktrace/caches/parallel-inspector-counter-compat-fix-cargo/target/debug/deps/presentation_regressions-d06995cf8fef0977)

running 0 tests

test result: ok. 0 passed; 0 failed; 0 ignored; 0 measured; 11 filtered out; finished in 0.00s

     Running tests/regressions.rs (/Users/fuhanfeng/Dropbox/Code/Github/ArkTrace/.build/agent-coordination/arktrace/caches/parallel-inspector-counter-compat-fix-cargo/target/debug/deps/regressions-5ca6bfea86190def)

running 0 tests

test result: ok. 0 passed; 0 failed; 0 ignored; 0 measured; 28 filtered out; finished in 0.00s

     Running tests/scoped_history.rs (/Users/fuhanfeng/Dropbox/Code/Github/ArkTrace/.build/agent-coordination/arktrace/caches/parallel-inspector-counter-compat-fix-cargo/target/debug/deps/scoped_history-1c13565c3e1c140b)

running 0 tests

test result: ok. 0 passed; 0 failed; 0 ignored; 0 measured; 1 filtered out; finished in 0.00s

     Running tests/swift_boundary_oracle.rs (/Users/fuhanfeng/Dropbox/Code/Github/ArkTrace/.build/agent-coordination/arktrace/caches/parallel-inspector-counter-compat-fix-cargo/target/debug/deps/swift_boundary_oracle-3720719e943989d5)

running 0 tests

test result: ok. 0 passed; 0 failed; 0 ignored; 0 measured; 1 filtered out; finished in 0.00s

     Running tests/swift_geometry_oracle.rs (/Users/fuhanfeng/Dropbox/Code/Github/ArkTrace/.build/agent-coordination/arktrace/caches/parallel-inspector-counter-compat-fix-cargo/target/debug/deps/swift_geometry_oracle-d459c5b09a2dc9f7)

running 0 tests

test result: ok. 0 passed; 0 failed; 0 ignored; 0 measured; 1 filtered out; finished in 0.00s

     Running tests/swift_plan_oracle.rs (/Users/fuhanfeng/Dropbox/Code/Github/ArkTrace/.build/agent-coordination/arktrace/caches/parallel-inspector-counter-compat-fix-cargo/target/debug/deps/swift_plan_oracle-a36e3219e9a3e6fb)

running 0 tests

test result: ok. 0 passed; 0 failed; 0 ignored; 0 measured; 2 filtered out; finished in 0.00s

